// Jest Snapshot v1, https://goo.gl/fbAQLP

exports[`expects to render meme text input 1`] = `undefined`;
